HASH:PTE crc:: hash=0x2f782a81,nbytes=4
HASH:PTE crc:: hash=0x5f6614fe,nbytes=4
HASH:PTE crc:: hash=0x314dc8fc,nbytes=4
HASH:PTE crc:: hash=0x93a2dadc,nbytes=4
HASH:PTE crc:: hash=0xb76d0d60,nbytes=4
HASH:PTE crc:: hash=0xe22b84dd,nbytes=4
HASH:PTE crc:: hash=0x87a285bd,nbytes=4
