HASH: marked no access0x7effff0 (vpn=0x7e00000)
HASH: done with invalid perm write to 0x7effff0 have=12
HASH: test2: success!
